
> frontend@0.0.0 dev
> vite

node.exe : 'Beginners\fronten
d\node_modules\.bin\' is not 
recognized as an internal or 
external command,
At line:1 char:1
+ & "C:\Program 
Files\nodejs/node.exe" "C:\Us
ers\katak\AppData\Roaming\ 
...
+ ~~~~~~~~~~~~~~~~~~~~~~~~~~~
~~~~~~~~~~~~~~~~~~~~~~~~~~~~~
~~~~~~~~~~~~~
    + CategoryInfo           
   : NotSpecified: ('Beginn  
  ers\fron...ternal comman   
 d,:String) [], RemoteExc    
eption
    + FullyQualifiedErrorId  
   : NativeCommandError
 
operable program or batch 
file.
node:internal/modules/cjs/loa
der:1424
  throw err;
  ^

Error: Cannot find module 'D:
\projects\vite\bin\vite.js'
    at 
Module._resolveFilename (node
:internal/modules/cjs/loader:
1421:15)
    at defaultResolveImpl (no
de:internal/modules/cjs/loade
r:1059:19)
    at 
resolveForCJSWithHooks (node:
internal/modules/cjs/loader:1
064:22)
    at Module._load (node:int
ernal/modules/cjs/loader:1227
:37)
    at 
TracingChannel.traceSync (nod
e:diagnostics_channel:328:14)
    at wrapModuleLoad (node:i
nternal/modules/cjs/loader:24
5:24)
    at 
Module.executeUserEntryPoint 
[as runMain] (node:internal/m
odules/run_main:154:5)
    at node:internal/main/run
_main_module:33:47 {
  code: 'MODULE_NOT_FOUND',
  requireStack: []
}

Node.js v24.11.1
